// Jest Snapshot v1, https://goo.gl/fbAQLP

exports[`Admin should display the data 1`] = `
<div>
  <div
    class="adminContainer"
  >
    <input
      class="search"
      data-testid="search"
      placeholder="Search by name, email or role"
      type="text"
    />
    <div
      class="gap"
      style="height: 15px;"
    />
    <div
      class="table-responsive-sm"
    >
      <table
        class="table"
      >
        <thead>
          <tr>
            <th>
              <input
                checked=""
                data-testid="selectAll"
                type="checkbox"
              />
            </th>
            <th
              class="columnName"
              scope="col"
            >
              Name
            </th>
            <th
              class="columnName"
              scope="col"
            >
              Email
            </th>
            <th
              class="columnName"
              scope="col"
            >
              Role
            </th>
            <th
              class="columnName"
              scope="col"
            >
              Actions
            </th>
          </tr>
        </thead>
        <tbody>
          <tr
            class=""
            data-testid="tr"
          >
            <td>
              <input
                data-testid="selectRow"
                type="checkbox"
              />
            </td>
            <td
              class="columnName"
            >
              xyz
            </td>
            <td
              class="columnName"
            >
              an@g.c
            </td>
            <td
              class="columnName"
            >
              member
            </td>
            <td>
              <div
                class="actionItems"
              >
                <img
                  alt="cant display"
                  class="actionIcons"
                  data-testid="editRow"
                  src=""
                />
                <img
                  alt="cant display"
                  class="actionIcons"
                  data-testid="deleteRow"
                  src=""
                />
              </div>
            </td>
          </tr>
          <tr
            class=""
            data-testid="tr"
          >
            <td>
              <input
                data-testid="selectRow"
                type="checkbox"
              />
            </td>
            <td
              class="columnName"
            >
              pqr
            </td>
            <td
              class="columnName"
            >
              an@g.c
            </td>
            <td
              class="columnName"
            >
              member
            </td>
            <td>
              <div
                class="actionItems"
              >
                <img
                  alt="cant display"
                  class="actionIcons"
                  data-testid="editRow"
                  src=""
                />
                <img
                  alt="cant display"
                  class="actionIcons"
                  data-testid="deleteRow"
                  src=""
                />
              </div>
            </td>
          </tr>
        </tbody>
      </table>
    </div>
    <div
      class="bottomSide"
    >
      <div
        class="container"
      >
        <button
          class="deleteSelected"
          data-testid="deleteSelected"
        >
          Delete Selected
        </button>
      </div>
      <div
        class="paginated"
      >
        <div
          class="paginationContainer"
        >
          <div
            class="pagination"
            data-testid="leading"
          >
            <div
              class="actionBtn"
            >
              <img
                alt="cant display"
                height="10px"
                src=""
                width="10px"
              />
            </div>
            <div
              class="actionBtn disableClick"
              data-testid="previous"
            >
              <img
                alt="cant display"
                height="10px"
                src=""
                width="10px"
              />
            </div>
            <div
              class="contentOverflow"
            >
              <div>
                <button
                  class="stepper active"
                  id="stepper"
                >
                  1
                </button>
              </div>
            </div>
            <div
              class="actionBtn disableClick"
              data-testid="next"
            >
              <img
                alt="cant display"
                height="10px"
                src=""
                width="10px"
              />
            </div>
            <div
              class="actionBtn"
              data-testid="trailing"
            >
              <img
                alt="cant display"
                height="10px"
                src=""
                width="10px"
              />
            </div>
          </div>
        </div>
      </div>
    </div>
  </div>
</div>
`;

exports[`Admin should match snapshot 1`] = `
<div>
  <div
    class="adminContainer"
  >
    <input
      class="search"
      data-testid="search"
      placeholder="Search by name, email or role"
      type="text"
    />
    <div
      class="gap"
      style="height: 15px;"
    />
    <div
      class="table-responsive-sm"
    >
      <table
        class="table"
      >
        <thead>
          <tr>
            <th>
              <input
                checked=""
                data-testid="selectAll"
                type="checkbox"
              />
            </th>
            <th
              class="columnName"
              scope="col"
            >
              Name
            </th>
            <th
              class="columnName"
              scope="col"
            >
              Email
            </th>
            <th
              class="columnName"
              scope="col"
            >
              Role
            </th>
            <th
              class="columnName"
              scope="col"
            >
              Actions
            </th>
          </tr>
        </thead>
        <tbody>
          <tr
            class=""
            data-testid="tr"
          >
            <td>
              <input
                data-testid="selectRow"
                type="checkbox"
              />
            </td>
            <td
              class="columnName"
            >
              xyz
            </td>
            <td
              class="columnName"
            >
              an@g.c
            </td>
            <td
              class="columnName"
            >
              member
            </td>
            <td>
              <div
                class="actionItems"
              >
                <img
                  alt="cant display"
                  class="actionIcons"
                  data-testid="editRow"
                  src=""
                />
                <img
                  alt="cant display"
                  class="actionIcons"
                  data-testid="deleteRow"
                  src=""
                />
              </div>
            </td>
          </tr>
          <tr
            class=""
            data-testid="tr"
          >
            <td>
              <input
                data-testid="selectRow"
                type="checkbox"
              />
            </td>
            <td
              class="columnName"
            >
              pqr
            </td>
            <td
              class="columnName"
            >
              an@g.c
            </td>
            <td
              class="columnName"
            >
              member
            </td>
            <td>
              <div
                class="actionItems"
              >
                <img
                  alt="cant display"
                  class="actionIcons"
                  data-testid="editRow"
                  src=""
                />
                <img
                  alt="cant display"
                  class="actionIcons"
                  data-testid="deleteRow"
                  src=""
                />
              </div>
            </td>
          </tr>
        </tbody>
      </table>
    </div>
    <div
      class="bottomSide"
    >
      <div
        class="container"
      >
        <button
          class="deleteSelected"
          data-testid="deleteSelected"
        >
          Delete Selected
        </button>
      </div>
      <div
        class="paginated"
      >
        <div
          class="paginationContainer"
        >
          <div
            class="pagination"
            data-testid="leading"
          >
            <div
              class="actionBtn"
            >
              <img
                alt="cant display"
                height="10px"
                src=""
                width="10px"
              />
            </div>
            <div
              class="actionBtn disableClick"
              data-testid="previous"
            >
              <img
                alt="cant display"
                height="10px"
                src=""
                width="10px"
              />
            </div>
            <div
              class="contentOverflow"
            >
              <div>
                <button
                  class="stepper active"
                  id="stepper"
                >
                  1
                </button>
              </div>
            </div>
            <div
              class="actionBtn disableClick"
              data-testid="next"
            >
              <img
                alt="cant display"
                height="10px"
                src=""
                width="10px"
              />
            </div>
            <div
              class="actionBtn"
              data-testid="trailing"
            >
              <img
                alt="cant display"
                height="10px"
                src=""
                width="10px"
              />
            </div>
          </div>
        </div>
      </div>
    </div>
  </div>
</div>
`;
